exit=0 wallMs=988

--- stdout ---
{
  "snapshotMs": 11.11,
  "writerStats": {
    "writes": 51,
    "busyErrors": 0
  },
  "maxRevisionAfterSnapshot": 3,
  "snapshot": {
    "integrityCheck": {
      "integrity_check": "ok"
    },
    "documents": 1000,
    "docTags": 2000,
    "notebooks": 20,
    "maxRevision": 2,
    "orphanDocTags": 0,
    "fileBytes": 819200
  },
  "pass": true,
  "_hashes": {
    "e5-snapshot.db": "4c424002d3f45840afbd330a6a53fbd0059b4589da4c83bdd2542319dba7b8b3"
  },
  "limitations": [
    "VACUUM INTO 与 Online Backup API 语义接近但不等同；Online Backup API 需驱动支持，本轮以 VACUUM INTO 作为候选验证",
    "桌面机并发规模（单写入 worker），服务器轮需在 2 vCPU / 2 GiB 环境复测"
  ]
}

--- stderr ---
